---
source: rdocs/src/replacer.rs
expression: "replacer.replace_with_save(data.join(\"README.md\").as_path(), &contents)"
---
Ok(
    [
        ReplaceResult {
            path: REDUCT
            status: Replaced(
                "REPLACE-1",
                "some text\nsome text\n<!-- ðŸ“–REPLACE-1 -->\nNEW CONTENT1\n<!-- REPLACE-1ðŸ“– -->\nsome text\nsome text\n<!-- ðŸ“–REPLACE-2 -->\nR\nD\nO\nC\nS\n<!-- REPLACE-2ðŸ“– -->()\n",
                "NEW CONTENT1",
            ),
        },
        ReplaceResult {
            path: REDUCT
            status: Replaced(
                "REPLACE-2",
                "some text\nsome text\n<!-- ðŸ“–REPLACE-1 -->\nNEW CONTENT1\n<!-- REPLACE-1ðŸ“– -->\nsome text\nsome text\n<!-- ðŸ“–REPLACE-2 -->\nNEW CONTENT2\n<!-- REPLACE-2ðŸ“– -->()\n",
                "NEW CONTENT2",
            ),
        },
    ],
)
