---
source: rdocs-extractor/src/parser.rs
expression: "Parser::new(root_path.join(\"main.rs\").as_path(), &patterns)"
---
Ok(
    Parser {
        path: REDUCTED
        file: File {
            fd: REDUCTED
            path: REDUCTED
            read: true,
            write: false,
        },
        patterns: [
            Pattern {
                start: Regex(
                    "//\\s*ðŸ“–\\s*#START",
                ),
                end: Regex(
                    "//\\s*ðŸ“–\\s*#END",
                ),
            },
            Pattern {
                start: Regex(
                    "//.*.START",
                ),
                end: Regex(
                    "//.*.END",
                ),
            },
        ],
    },
)
