---
source: rdocs-extractor/src/pattern.rs
expression: "Pattern::default()"
---
Pattern {
    start: Regex(
        "//\\s*ðŸ“–\\s*#START",
    ),
    end: Regex(
        "//\\s*ðŸ“–\\s*#END",
    ),
    cleanups: [
        Regex(
            "//!",
        ),
    ],
}
