---
source: rdocs-extractor/src/parser.rs
expression: "Parser::new(root_path.join(\"main.rs\").as_path(), &patterns)"
---
Err(
    PatterNotEqual {
        pattern_start: "//.START",
        pattern_end: "//.*.ðŸ“–",
    },
)
