---
source: rdocs/src/replacer.rs
expression: "std::fs::read_to_string(data.join(\"README.md\")).unwrap()"
---
"some text\nsome text\n<!-- ðŸ“–REPLACE-1 -->\nNEW CONTENT1\n<!-- REPLACE-1ðŸ“– -->\nsome text\nsome text\n<!-- ðŸ“–REPLACE-2 -->\nNEW CONTENT2\n<!-- REPLACE-2ðŸ“– -->()\n"
