---
source: rdocs-extractor/src/parser.rs
expression: "Parser::new(root_path.join(\"main.rs\").as_path(), &patterns)"
---
Err(
    PatterNotEqual {
        pattern_start: "//\\s*ðŸ“–\\s*#START",
        pattern_end: "//\\s*ðŸ“–\\s*#INVALID_CLOSE",
    },
)
